  Geri y├╝klenecek projeler belirleniyor...
  Geri y├╝kleme i├ğin t├╝m projeler g├╝ncel.
  AkyildizYonetim.Domain -> D:\vue\yonetim\akyildiz-yonetim-backend\AkyildizYonetim.Domain\bin\Debug\net8.0\AkyildizYonetim.Domain.dll
  AkyildizYonetim.Application -> D:\vue\yonetim\akyildiz-yonetim-backend\AkyildizYonetim.Application\bin\Debug\net8.0\AkyildizYonetim.Application.dll
  AkyildizYonetim.Infrastructure -> D:\vue\yonetim\akyildiz-yonetim-backend\AkyildizYonetim.Infrastructure\bin\Debug\net8.0\AkyildizYonetim.Infrastructure.dll
  AkyildizYonetim.API -> D:\vue\yonetim\akyildiz-yonetim-backend\AkyildizYonetim.API\bin\Debug\net8.0\AkyildizYonetim.API.dll
  AkyildizYonetim.Tests -> D:\vue\yonetim\akyildiz-yonetim-backend\AkyildizYonetim.Tests\bin\Debug\net8.0\AkyildizYonetim.Tests.dll

Olu┼şturma ba┼şar─▒l─▒ oldu.
    0 Uyar─▒
    0 Hata

Ge├ğen S├╝re 00:00:02.60
